MPASM 5.75  /HOME/ALESSIOMARTINI/SCRIVANIA/V   11-17-2017  12:47:50         PAGE  1


LOC  OBJECT CODE     LINE SOURCE TEXT
  VALUE

                      00001 ;MARTINI ALESSIO SOMMA DI DUE VARIABILI (versione avanzata)
                      00002     
                      00003     
Warning[205]: Found directive in column 1. (UDATA)
                      00004 UDATA 
Warning[207]: Found label after column 1. (num)
000000                00005     num res 1
Warning[207]: Found label after column 1. (add)
000001                00006     add res 1
Warning[207]: Found label after column 1. (somma)
000002                00007     somma res 2
                      00008  
Warning[205]: Found directive in column 1. (CODE)
                      00009 CODE  0
000000 010?           00010     BANKSEL num
000002 0102           00011     movlb 2                 ;scelgo il banco dove salvare (2) fileregister address:200
000004 0E02           00012     movlw 0x02              ;mettere valori nelle due variabili
000006 6F00           00013     movwf num,1
000008 0EFF           00014     movlw 0xFF
00000A 6F00           00015     movwf add,1
                      00016     
00000C 50??           00017     movf num,w
00000E 24??           00018     addwf add,w
                      00019     
                      00020  
000010 010?           00021     BANKSEL somma
000012 0101           00022     movlb 1                 ;;scelgo il banco dove salvare (2) fileregister address:100
000014 6F00           00023     movwf somma,1
000016 0E00           00024     movlw 0
000018 6A??           00025     clrf somma+1
00001A 22??           00026     addwfc somma+1,F
                      00027     
00001C 0003           00028     sleep
Warning[205]: Found directive in column 1. (END)
                      00029 END
MPASM 5.75  /HOME/ALESSIOMARTINI/SCRIVANIA/V   11-17-2017  12:47:50         PAGE  2


SYMBOL TABLE
  LABEL                             VALUE 

__18F26K20                        00000001
add                               00000001
num                               00000000
somma                             00000002

Errors   :     0
Warnings :     6 reported,     0 suppressed
Messages :     0 reported,     0 suppressed

